[2025-07-18T15:06:21.622+0900][0.006s][info][gc] Using G1
[2025-07-18T15:06:21.623+0900][0.007s][info][gc,init] Version: 17.0.14+0 (release)
[2025-07-18T15:06:21.623+0900][0.007s][info][gc,init] CPUs: 10 total, 10 available
[2025-07-18T15:06:21.623+0900][0.007s][info][gc,init] Memory: 16384M
[2025-07-18T15:06:21.623+0900][0.007s][info][gc,init] Large Page Support: Disabled
[2025-07-18T15:06:21.623+0900][0.007s][info][gc,init] NUMA Support: Disabled
[2025-07-18T15:06:21.623+0900][0.007s][info][gc,init] Compressed Oops: Enabled (Zero based)
[2025-07-18T15:06:21.623+0900][0.007s][info][gc,init] Heap Region Size: 1M
[2025-07-18T15:06:21.623+0900][0.007s][info][gc,init] Heap Min Capacity: 1G
[2025-07-18T15:06:21.623+0900][0.007s][info][gc,init] Heap Initial Capacity: 1G
[2025-07-18T15:06:21.623+0900][0.007s][info][gc,init] Heap Max Capacity: 1G
[2025-07-18T15:06:21.623+0900][0.007s][info][gc,init] Pre-touch: Disabled
[2025-07-18T15:06:21.623+0900][0.007s][info][gc,init] Parallel Workers: 9
[2025-07-18T15:06:21.623+0900][0.007s][info][gc,init] Concurrent Workers: 2
[2025-07-18T15:06:21.623+0900][0.007s][info][gc,init] Concurrent Refinement Workers: 9
[2025-07-18T15:06:21.623+0900][0.008s][info][gc,init] Periodic GC: Disabled
[2025-07-18T15:06:21.628+0900][0.012s][info][gc,metaspace] CDS archive(s) mapped at: [0x000000c000000000-0x000000c000bc0000-0x000000c000bc0000), size 12320768, SharedBaseAddress: 0x000000c000000000, ArchiveRelocationMode: 1.
[2025-07-18T15:06:21.628+0900][0.012s][info][gc,metaspace] Compressed class space mapped at: 0x000000c001000000-0x000000c041000000, reserved size: 1073741824
[2025-07-18T15:06:21.628+0900][0.012s][info][gc,metaspace] Narrow klass base: 0x000000c000000000, Narrow klass shift: 0, Narrow klass range: 0x100000000
[2025-07-18T15:06:22.162+0900][0.546s][info][gc,start    ] GC(0) Pause Young (Normal) (G1 Evacuation Pause)
[2025-07-18T15:06:22.162+0900][0.546s][info][gc,task     ] GC(0) Using 9 workers of 9 for evacuation
[2025-07-18T15:06:22.164+0900][0.548s][info][gc,phases   ] GC(0)   Pre Evacuate Collection Set: 0.2ms
[2025-07-18T15:06:22.164+0900][0.548s][info][gc,phases   ] GC(0)   Merge Heap Roots: 0.0ms
[2025-07-18T15:06:22.164+0900][0.548s][info][gc,phases   ] GC(0)   Evacuate Collection Set: 1.7ms
[2025-07-18T15:06:22.164+0900][0.548s][info][gc,phases   ] GC(0)   Post Evacuate Collection Set: 0.3ms
[2025-07-18T15:06:22.164+0900][0.548s][info][gc,phases   ] GC(0)   Other: 0.3ms
[2025-07-18T15:06:22.164+0900][0.548s][info][gc,heap     ] GC(0) Eden regions: 51->0(76)
[2025-07-18T15:06:22.164+0900][0.548s][info][gc,heap     ] GC(0) Survivor regions: 0->4(7)
[2025-07-18T15:06:22.164+0900][0.548s][info][gc,heap     ] GC(0) Old regions: 0->0
[2025-07-18T15:06:22.164+0900][0.548s][info][gc,heap     ] GC(0) Archive regions: 2->2
[2025-07-18T15:06:22.164+0900][0.548s][info][gc,heap     ] GC(0) Humongous regions: 0->0
[2025-07-18T15:06:22.164+0900][0.548s][info][gc,metaspace] GC(0) Metaspace: 8315K(8640K)->8315K(8640K) NonClass: 7246K(7424K)->7246K(7424K) Class: 1068K(1216K)->1068K(1216K)
[2025-07-18T15:06:22.164+0900][0.548s][info][gc          ] GC(0) Pause Young (Normal) (G1 Evacuation Pause) 51M->4M(1024M) 2.541ms
[2025-07-18T15:06:22.164+0900][0.548s][info][gc,cpu      ] GC(0) User=0.01s Sys=0.01s Real=0.00s
[2025-07-18T15:06:22.454+0900][0.839s][info][gc,start    ] GC(1) Pause Young (Normal) (G1 Evacuation Pause)
[2025-07-18T15:06:22.454+0900][0.839s][info][gc,task     ] GC(1) Using 9 workers of 9 for evacuation
[2025-07-18T15:06:22.458+0900][0.842s][info][gc,phases   ] GC(1)   Pre Evacuate Collection Set: 0.1ms
[2025-07-18T15:06:22.458+0900][0.842s][info][gc,phases   ] GC(1)   Merge Heap Roots: 0.0ms
[2025-07-18T15:06:22.458+0900][0.842s][info][gc,phases   ] GC(1)   Evacuate Collection Set: 2.6ms
[2025-07-18T15:06:22.458+0900][0.842s][info][gc,phases   ] GC(1)   Post Evacuate Collection Set: 0.9ms
[2025-07-18T15:06:22.458+0900][0.842s][info][gc,phases   ] GC(1)   Other: 0.1ms
[2025-07-18T15:06:22.458+0900][0.842s][info][gc,heap     ] GC(1) Eden regions: 76->0(244)
[2025-07-18T15:06:22.458+0900][0.842s][info][gc,heap     ] GC(1) Survivor regions: 4->7(10)
[2025-07-18T15:06:22.458+0900][0.842s][info][gc,heap     ] GC(1) Old regions: 0->0
[2025-07-18T15:06:22.458+0900][0.842s][info][gc,heap     ] GC(1) Archive regions: 2->2
[2025-07-18T15:06:22.458+0900][0.842s][info][gc,heap     ] GC(1) Humongous regions: 1->0
[2025-07-18T15:06:22.458+0900][0.842s][info][gc,metaspace] GC(1) Metaspace: 20389K(20736K)->20389K(20736K) NonClass: 17859K(18048K)->17859K(18048K) Class: 2529K(2688K)->2529K(2688K)
[2025-07-18T15:06:22.458+0900][0.842s][info][gc          ] GC(1) Pause Young (Normal) (G1 Evacuation Pause) 81M->7M(1024M) 3.815ms
[2025-07-18T15:06:22.458+0900][0.842s][info][gc,cpu      ] GC(1) User=0.02s Sys=0.00s Real=0.00s
[2025-07-18T15:06:22.483+0900][0.867s][info][gc,start    ] GC(2) Pause Young (Concurrent Start) (Metadata GC Threshold)
[2025-07-18T15:06:22.483+0900][0.867s][info][gc,task     ] GC(2) Using 9 workers of 9 for evacuation
[2025-07-18T15:06:22.486+0900][0.870s][info][gc,phases   ] GC(2)   Pre Evacuate Collection Set: 0.2ms
[2025-07-18T15:06:22.486+0900][0.870s][info][gc,phases   ] GC(2)   Merge Heap Roots: 0.0ms
[2025-07-18T15:06:22.486+0900][0.870s][info][gc,phases   ] GC(2)   Evacuate Collection Set: 2.3ms
[2025-07-18T15:06:22.486+0900][0.870s][info][gc,phases   ] GC(2)   Post Evacuate Collection Set: 0.3ms
[2025-07-18T15:06:22.486+0900][0.870s][info][gc,phases   ] GC(2)   Other: 0.1ms
[2025-07-18T15:06:22.486+0900][0.870s][info][gc,heap     ] GC(2) Eden regions: 8->0(235)
[2025-07-18T15:06:22.486+0900][0.870s][info][gc,heap     ] GC(2) Survivor regions: 7->8(32)
[2025-07-18T15:06:22.486+0900][0.870s][info][gc,heap     ] GC(2) Old regions: 0->0
[2025-07-18T15:06:22.486+0900][0.870s][info][gc,heap     ] GC(2) Archive regions: 2->2
[2025-07-18T15:06:22.486+0900][0.870s][info][gc,heap     ] GC(2) Humongous regions: 0->0
[2025-07-18T15:06:22.486+0900][0.870s][info][gc,metaspace] GC(2) Metaspace: 21197K(21504K)->21197K(21504K) NonClass: 18572K(18752K)->18572K(18752K) Class: 2625K(2752K)->2625K(2752K)
[2025-07-18T15:06:22.486+0900][0.870s][info][gc          ] GC(2) Pause Young (Concurrent Start) (Metadata GC Threshold) 15M->8M(1024M) 2.957ms
[2025-07-18T15:06:22.486+0900][0.870s][info][gc,cpu      ] GC(2) User=0.01s Sys=0.00s Real=0.00s
[2025-07-18T15:06:22.486+0900][0.870s][info][gc          ] GC(3) Concurrent Mark Cycle
[2025-07-18T15:06:22.486+0900][0.870s][info][gc,marking  ] GC(3) Concurrent Clear Claimed Marks
[2025-07-18T15:06:22.486+0900][0.870s][info][gc,marking  ] GC(3) Concurrent Clear Claimed Marks 0.012ms
[2025-07-18T15:06:22.486+0900][0.870s][info][gc,marking  ] GC(3) Concurrent Scan Root Regions
[2025-07-18T15:06:22.488+0900][0.872s][info][gc,marking  ] GC(3) Concurrent Scan Root Regions 1.805ms
[2025-07-18T15:06:22.488+0900][0.872s][info][gc,marking  ] GC(3) Concurrent Mark
[2025-07-18T15:06:22.488+0900][0.872s][info][gc,marking  ] GC(3) Concurrent Mark From Roots
[2025-07-18T15:06:22.488+0900][0.872s][info][gc,task     ] GC(3) Using 2 workers of 2 for marking
[2025-07-18T15:06:22.489+0900][0.873s][info][gc,marking  ] GC(3) Concurrent Mark From Roots 1.059ms
[2025-07-18T15:06:22.489+0900][0.873s][info][gc,marking  ] GC(3) Concurrent Preclean
[2025-07-18T15:06:22.489+0900][0.873s][info][gc,marking  ] GC(3) Concurrent Preclean 0.014ms
[2025-07-18T15:06:22.489+0900][0.873s][info][gc,start    ] GC(3) Pause Remark
[2025-07-18T15:06:22.490+0900][0.874s][info][gc          ] GC(3) Pause Remark 9M->9M(1024M) 0.859ms
[2025-07-18T15:06:22.490+0900][0.874s][info][gc,cpu      ] GC(3) User=0.00s Sys=0.00s Real=0.01s
[2025-07-18T15:06:22.490+0900][0.874s][info][gc,marking  ] GC(3) Concurrent Mark 2.027ms
[2025-07-18T15:06:22.490+0900][0.874s][info][gc,marking  ] GC(3) Concurrent Rebuild Remembered Sets
[2025-07-18T15:06:22.490+0900][0.874s][info][gc,marking  ] GC(3) Concurrent Rebuild Remembered Sets 0.006ms
[2025-07-18T15:06:22.490+0900][0.874s][info][gc,start    ] GC(3) Pause Cleanup
[2025-07-18T15:06:22.490+0900][0.874s][info][gc          ] GC(3) Pause Cleanup 9M->9M(1024M) 0.018ms
[2025-07-18T15:06:22.490+0900][0.874s][info][gc,cpu      ] GC(3) User=0.00s Sys=0.00s Real=0.00s
[2025-07-18T15:06:22.490+0900][0.874s][info][gc,marking  ] GC(3) Concurrent Cleanup for Next Mark
[2025-07-18T15:06:22.492+0900][0.876s][info][gc,marking  ] GC(3) Concurrent Cleanup for Next Mark 1.647ms
[2025-07-18T15:06:22.492+0900][0.876s][info][gc          ] GC(3) Concurrent Mark Cycle 5.732ms
[2025-07-18T15:06:55.190+0900][33.574s][info][gc,start    ] GC(4) Pause Young (Concurrent Start) (Metadata GC Threshold)
[2025-07-18T15:06:55.190+0900][33.574s][info][gc,task     ] GC(4) Using 9 workers of 9 for evacuation
[2025-07-18T15:06:55.238+0900][33.622s][info][gc,phases   ] GC(4)   Pre Evacuate Collection Set: 0.8ms
[2025-07-18T15:06:55.238+0900][33.622s][info][gc,phases   ] GC(4)   Merge Heap Roots: 0.2ms
[2025-07-18T15:06:55.238+0900][33.622s][info][gc,phases   ] GC(4)   Evacuate Collection Set: 46.0ms
[2025-07-18T15:06:55.238+0900][33.622s][info][gc,phases   ] GC(4)   Post Evacuate Collection Set: 0.9ms
[2025-07-18T15:06:55.238+0900][33.622s][info][gc,phases   ] GC(4)   Other: 0.7ms
[2025-07-18T15:06:55.238+0900][33.622s][info][gc,heap     ] GC(4) Eden regions: 107->0(288)
[2025-07-18T15:06:55.238+0900][33.622s][info][gc,heap     ] GC(4) Survivor regions: 8->14(31)
[2025-07-18T15:06:55.238+0900][33.622s][info][gc,heap     ] GC(4) Old regions: 0->0
[2025-07-18T15:06:55.238+0900][33.622s][info][gc,heap     ] GC(4) Archive regions: 2->2
[2025-07-18T15:06:55.238+0900][33.622s][info][gc,heap     ] GC(4) Humongous regions: 0->0
[2025-07-18T15:06:55.238+0900][33.622s][info][gc,metaspace] GC(4) Metaspace: 35713K(36160K)->35713K(36160K) NonClass: 31188K(31424K)->31188K(31424K) Class: 4525K(4736K)->4525K(4736K)
[2025-07-18T15:06:55.239+0900][33.622s][info][gc          ] GC(4) Pause Young (Concurrent Start) (Metadata GC Threshold) 115M->14M(1024M) 48.702ms
[2025-07-18T15:06:55.239+0900][33.622s][info][gc,cpu      ] GC(4) User=0.04s Sys=0.15s Real=0.04s
[2025-07-18T15:06:55.239+0900][33.622s][info][gc          ] GC(5) Concurrent Mark Cycle
[2025-07-18T15:06:55.239+0900][33.622s][info][gc,marking  ] GC(5) Concurrent Clear Claimed Marks
[2025-07-18T15:06:55.239+0900][33.622s][info][gc,marking  ] GC(5) Concurrent Clear Claimed Marks 0.032ms
[2025-07-18T15:06:55.239+0900][33.622s][info][gc,marking  ] GC(5) Concurrent Scan Root Regions
[2025-07-18T15:06:55.242+0900][33.626s][info][gc,marking  ] GC(5) Concurrent Scan Root Regions 3.723ms
[2025-07-18T15:06:55.242+0900][33.626s][info][gc,marking  ] GC(5) Concurrent Mark
[2025-07-18T15:06:55.242+0900][33.626s][info][gc,marking  ] GC(5) Concurrent Mark From Roots
[2025-07-18T15:06:55.242+0900][33.626s][info][gc,task     ] GC(5) Using 2 workers of 2 for marking
[2025-07-18T15:06:55.243+0900][33.627s][info][gc,marking  ] GC(5) Concurrent Mark From Roots 0.788ms
[2025-07-18T15:06:55.243+0900][33.627s][info][gc,marking  ] GC(5) Concurrent Preclean
[2025-07-18T15:06:55.243+0900][33.627s][info][gc,marking  ] GC(5) Concurrent Preclean 0.018ms
[2025-07-18T15:06:55.243+0900][33.627s][info][gc,start    ] GC(5) Pause Remark
[2025-07-18T15:06:55.249+0900][33.633s][info][gc          ] GC(5) Pause Remark 15M->15M(1024M) 6.071ms
[2025-07-18T15:06:55.249+0900][33.633s][info][gc,cpu      ] GC(5) User=0.01s Sys=0.01s Real=0.00s
[2025-07-18T15:06:55.249+0900][33.633s][info][gc,marking  ] GC(5) Concurrent Mark 7.088ms
[2025-07-18T15:06:55.249+0900][33.633s][info][gc,marking  ] GC(5) Concurrent Rebuild Remembered Sets
[2025-07-18T15:06:55.250+0900][33.633s][info][gc,marking  ] GC(5) Concurrent Rebuild Remembered Sets 0.285ms
[2025-07-18T15:06:55.250+0900][33.634s][info][gc,start    ] GC(5) Pause Cleanup
[2025-07-18T15:06:55.250+0900][33.634s][info][gc          ] GC(5) Pause Cleanup 15M->15M(1024M) 0.015ms
[2025-07-18T15:06:55.250+0900][33.634s][info][gc,cpu      ] GC(5) User=0.00s Sys=0.00s Real=0.00s
[2025-07-18T15:06:55.250+0900][33.634s][info][gc,marking  ] GC(5) Concurrent Cleanup for Next Mark
[2025-07-18T15:06:55.252+0900][33.636s][info][gc,marking  ] GC(5) Concurrent Cleanup for Next Mark 2.564ms
[2025-07-18T15:06:55.252+0900][33.636s][info][gc          ] GC(5) Concurrent Mark Cycle 13.952ms
[2025-07-18T15:07:00.353+0900][38.736s][info][gc,start    ] GC(6) Pause Young (Concurrent Start) (G1 Humongous Allocation)
[2025-07-18T15:07:00.353+0900][38.737s][info][gc,task     ] GC(6) Using 9 workers of 9 for evacuation
[2025-07-18T15:07:00.377+0900][38.761s][info][gc,phases   ] GC(6)   Pre Evacuate Collection Set: 2.5ms
[2025-07-18T15:07:00.377+0900][38.761s][info][gc,phases   ] GC(6)   Merge Heap Roots: 0.1ms
[2025-07-18T15:07:00.377+0900][38.761s][info][gc,phases   ] GC(6)   Evacuate Collection Set: 17.9ms
[2025-07-18T15:07:00.377+0900][38.761s][info][gc,phases   ] GC(6)   Post Evacuate Collection Set: 0.7ms
[2025-07-18T15:07:00.377+0900][38.761s][info][gc,phases   ] GC(6)   Other: 4.1ms
[2025-07-18T15:07:00.377+0900][38.761s][info][gc,heap     ] GC(6) Eden regions: 6->0(396)
[2025-07-18T15:07:00.377+0900][38.761s][info][gc,heap     ] GC(6) Survivor regions: 14->14(38)
[2025-07-18T15:07:00.377+0900][38.761s][info][gc,heap     ] GC(6) Old regions: 0->0
[2025-07-18T15:07:00.377+0900][38.761s][info][gc,heap     ] GC(6) Archive regions: 2->2
[2025-07-18T15:07:00.377+0900][38.761s][info][gc,heap     ] GC(6) Humongous regions: 450->450
[2025-07-18T15:07:00.377+0900][38.761s][info][gc,metaspace] GC(6) Metaspace: 36299K(36864K)->36299K(36864K) NonClass: 31700K(32000K)->31700K(32000K) Class: 4599K(4864K)->4599K(4864K)
[2025-07-18T15:07:00.377+0900][38.761s][info][gc          ] GC(6) Pause Young (Concurrent Start) (G1 Humongous Allocation) 470M->464M(1024M) 24.699ms
[2025-07-18T15:07:00.377+0900][38.761s][info][gc,cpu      ] GC(6) User=0.03s Sys=0.05s Real=0.02s
[2025-07-18T15:07:00.377+0900][38.761s][info][gc          ] GC(7) Concurrent Undo Cycle
[2025-07-18T15:07:00.377+0900][38.761s][info][gc,marking  ] GC(7) Concurrent Cleanup for Next Mark
[2025-07-18T15:07:00.380+0900][38.763s][info][gc,marking  ] GC(7) Concurrent Cleanup for Next Mark 2.296ms
[2025-07-18T15:07:00.380+0900][38.763s][info][gc          ] GC(7) Concurrent Undo Cycle 2.338ms
[2025-07-18T15:07:00.380+0900][38.764s][info][gc,start    ] GC(8) Pause Young (Concurrent Start) (G1 Humongous Allocation)
[2025-07-18T15:07:00.380+0900][38.764s][info][gc,task     ] GC(8) Using 9 workers of 9 for evacuation
[2025-07-18T15:07:00.392+0900][38.776s][info][gc,phases   ] GC(8)   Pre Evacuate Collection Set: 0.1ms
[2025-07-18T15:07:00.392+0900][38.776s][info][gc,phases   ] GC(8)   Merge Heap Roots: 0.0ms
[2025-07-18T15:07:00.392+0900][38.776s][info][gc,phases   ] GC(8)   Evacuate Collection Set: 11.1ms
[2025-07-18T15:07:00.392+0900][38.776s][info][gc,phases   ] GC(8)   Post Evacuate Collection Set: 0.8ms
[2025-07-18T15:07:00.392+0900][38.776s][info][gc,phases   ] GC(8)   Other: 0.3ms
[2025-07-18T15:07:00.392+0900][38.776s][info][gc,heap     ] GC(8) Eden regions: 0->0(370)
[2025-07-18T15:07:00.392+0900][38.776s][info][gc,heap     ] GC(8) Survivor regions: 14->14(52)
[2025-07-18T15:07:00.392+0900][38.776s][info][gc,heap     ] GC(8) Old regions: 0->0
[2025-07-18T15:07:00.392+0900][38.776s][info][gc,heap     ] GC(8) Archive regions: 2->2
[2025-07-18T15:07:00.392+0900][38.776s][info][gc,heap     ] GC(8) Humongous regions: 480->480
[2025-07-18T15:07:00.392+0900][38.776s][info][gc,metaspace] GC(8) Metaspace: 36299K(36864K)->36299K(36864K) NonClass: 31700K(32000K)->31700K(32000K) Class: 4599K(4864K)->4599K(4864K)
[2025-07-18T15:07:00.392+0900][38.776s][info][gc          ] GC(8) Pause Young (Concurrent Start) (G1 Humongous Allocation) 494M->494M(1024M) 12.530ms
[2025-07-18T15:07:00.392+0900][38.776s][info][gc,cpu      ] GC(8) User=0.03s Sys=0.02s Real=0.01s
[2025-07-18T15:07:00.392+0900][38.776s][info][gc          ] GC(9) Concurrent Mark Cycle
[2025-07-18T15:07:00.392+0900][38.776s][info][gc,marking  ] GC(9) Concurrent Clear Claimed Marks
[2025-07-18T15:07:00.392+0900][38.776s][info][gc,marking  ] GC(9) Concurrent Clear Claimed Marks 0.029ms
[2025-07-18T15:07:00.392+0900][38.776s][info][gc,marking  ] GC(9) Concurrent Scan Root Regions
[2025-07-18T15:07:00.396+0900][38.780s][info][gc,marking  ] GC(9) Concurrent Scan Root Regions 3.353ms
[2025-07-18T15:07:00.396+0900][38.780s][info][gc,marking  ] GC(9) Concurrent Mark
[2025-07-18T15:07:00.396+0900][38.780s][info][gc,marking  ] GC(9) Concurrent Mark From Roots
[2025-07-18T15:07:00.396+0900][38.780s][info][gc,task     ] GC(9) Using 2 workers of 2 for marking
[2025-07-18T15:07:00.402+0900][38.785s][info][gc,marking  ] GC(9) Concurrent Mark From Roots 5.500ms
[2025-07-18T15:07:00.402+0900][38.785s][info][gc,marking  ] GC(9) Concurrent Preclean
[2025-07-18T15:07:00.402+0900][38.785s][info][gc,marking  ] GC(9) Concurrent Preclean 0.015ms
[2025-07-18T15:07:00.403+0900][38.786s][info][gc,start    ] GC(9) Pause Remark
[2025-07-18T15:07:00.410+0900][38.794s][info][gc          ] GC(9) Pause Remark 575M->575M(1024M) 7.561ms
[2025-07-18T15:07:00.410+0900][38.794s][info][gc,cpu      ] GC(9) User=0.01s Sys=0.01s Real=0.01s
[2025-07-18T15:07:00.410+0900][38.794s][info][gc,marking  ] GC(9) Concurrent Mark 14.121ms
[2025-07-18T15:07:00.410+0900][38.794s][info][gc,marking  ] GC(9) Concurrent Rebuild Remembered Sets
[2025-07-18T15:07:00.410+0900][38.794s][info][gc,marking  ] GC(9) Concurrent Rebuild Remembered Sets 0.005ms
[2025-07-18T15:07:00.411+0900][38.795s][info][gc,start    ] GC(9) Pause Cleanup
[2025-07-18T15:07:00.411+0900][38.795s][info][gc          ] GC(9) Pause Cleanup 585M->585M(1024M) 0.013ms
[2025-07-18T15:07:00.411+0900][38.795s][info][gc,cpu      ] GC(9) User=0.00s Sys=0.00s Real=0.00s
[2025-07-18T15:07:00.411+0900][38.795s][info][gc,marking  ] GC(9) Concurrent Cleanup for Next Mark
[2025-07-18T15:07:00.429+0900][38.812s][info][gc,marking  ] GC(9) Concurrent Cleanup for Next Mark 17.544ms
[2025-07-18T15:07:00.429+0900][38.812s][info][gc          ] GC(9) Concurrent Mark Cycle 36.199ms
[2025-07-18T15:07:00.429+0900][38.813s][info][gc,start    ] GC(10) Pause Young (Concurrent Start) (G1 Humongous Allocation)
[2025-07-18T15:07:00.429+0900][38.813s][info][gc,task     ] GC(10) Using 9 workers of 9 for evacuation
[2025-07-18T15:07:00.433+0900][38.817s][info][gc,phases   ] GC(10)   Pre Evacuate Collection Set: 0.1ms
[2025-07-18T15:07:00.433+0900][38.817s][info][gc,phases   ] GC(10)   Merge Heap Roots: 0.0ms
[2025-07-18T15:07:00.433+0900][38.817s][info][gc,phases   ] GC(10)   Evacuate Collection Set: 3.4ms
[2025-07-18T15:07:00.433+0900][38.817s][info][gc,phases   ] GC(10)   Post Evacuate Collection Set: 0.4ms
[2025-07-18T15:07:00.433+0900][38.817s][info][gc,phases   ] GC(10)   Other: 0.1ms
[2025-07-18T15:07:00.433+0900][38.817s][info][gc,heap     ] GC(10) Eden regions: 1->0(212)
[2025-07-18T15:07:00.433+0900][38.817s][info][gc,heap     ] GC(10) Survivor regions: 14->14(48)
[2025-07-18T15:07:00.433+0900][38.817s][info][gc,heap     ] GC(10) Old regions: 0->0
[2025-07-18T15:07:00.433+0900][38.817s][info][gc,heap     ] GC(10) Archive regions: 2->2
[2025-07-18T15:07:00.433+0900][38.817s][info][gc,heap     ] GC(10) Humongous regions: 670->670
[2025-07-18T15:07:00.433+0900][38.817s][info][gc,metaspace] GC(10) Metaspace: 36299K(36864K)->36299K(36864K) NonClass: 31700K(32000K)->31700K(32000K) Class: 4599K(4864K)->4599K(4864K)
[2025-07-18T15:07:00.433+0900][38.817s][info][gc          ] GC(10) Pause Young (Concurrent Start) (G1 Humongous Allocation) 685M->684M(1024M) 4.147ms
[2025-07-18T15:07:00.433+0900][38.817s][info][gc,cpu      ] GC(10) User=0.03s Sys=0.01s Real=0.01s
[2025-07-18T15:07:00.434+0900][38.817s][info][gc          ] GC(11) Concurrent Mark Cycle
[2025-07-18T15:07:00.434+0900][38.817s][info][gc,marking  ] GC(11) Concurrent Clear Claimed Marks
[2025-07-18T15:07:00.434+0900][38.817s][info][gc,marking  ] GC(11) Concurrent Clear Claimed Marks 0.023ms
[2025-07-18T15:07:00.434+0900][38.817s][info][gc,marking  ] GC(11) Concurrent Scan Root Regions
[2025-07-18T15:07:00.437+0900][38.820s][info][gc,marking  ] GC(11) Concurrent Scan Root Regions 3.103ms
[2025-07-18T15:07:00.437+0900][38.820s][info][gc,marking  ] GC(11) Concurrent Mark
[2025-07-18T15:07:00.437+0900][38.820s][info][gc,marking  ] GC(11) Concurrent Mark From Roots
[2025-07-18T15:07:00.437+0900][38.820s][info][gc,task     ] GC(11) Using 2 workers of 2 for marking
[2025-07-18T15:07:00.437+0900][38.821s][info][gc,marking  ] GC(11) Concurrent Mark From Roots 0.710ms
[2025-07-18T15:07:00.437+0900][38.821s][info][gc,marking  ] GC(11) Concurrent Preclean
[2025-07-18T15:07:00.437+0900][38.821s][info][gc,marking  ] GC(11) Concurrent Preclean 0.016ms
[2025-07-18T15:07:00.438+0900][38.821s][info][gc,start    ] GC(11) Pause Remark
[2025-07-18T15:07:00.439+0900][38.823s][info][gc          ] GC(11) Pause Remark 734M->734M(1024M) 1.499ms
[2025-07-18T15:07:00.439+0900][38.823s][info][gc,cpu      ] GC(11) User=0.00s Sys=0.00s Real=0.00s
[2025-07-18T15:07:00.439+0900][38.823s][info][gc,marking  ] GC(11) Concurrent Mark 2.694ms
[2025-07-18T15:07:00.439+0900][38.823s][info][gc,marking  ] GC(11) Concurrent Rebuild Remembered Sets
[2025-07-18T15:07:00.439+0900][38.823s][info][gc,marking  ] GC(11) Concurrent Rebuild Remembered Sets 0.005ms
[2025-07-18T15:07:00.441+0900][38.824s][info][gc,start    ] GC(11) Pause Cleanup
[2025-07-18T15:07:00.441+0900][38.824s][info][gc          ] GC(11) Pause Cleanup 744M->744M(1024M) 0.041ms
[2025-07-18T15:07:00.441+0900][38.824s][info][gc,cpu      ] GC(11) User=0.00s Sys=0.00s Real=0.00s
[2025-07-18T15:07:00.441+0900][38.824s][info][gc,marking  ] GC(11) Concurrent Cleanup for Next Mark
[2025-07-18T15:07:00.441+0900][38.825s][info][gc,marking  ] GC(11) Concurrent Cleanup for Next Mark 0.544ms
[2025-07-18T15:07:00.441+0900][38.825s][info][gc          ] GC(11) Concurrent Mark Cycle 7.894ms
[2025-07-18T15:07:00.443+0900][38.826s][info][gc,start    ] GC(12) Pause Young (Concurrent Start) (G1 Humongous Allocation)
[2025-07-18T15:07:00.443+0900][38.826s][info][gc,task     ] GC(12) Using 9 workers of 9 for evacuation
[2025-07-18T15:07:00.448+0900][38.832s][info][gc,phases   ] GC(12)   Pre Evacuate Collection Set: 0.2ms
[2025-07-18T15:07:00.448+0900][38.832s][info][gc,phases   ] GC(12)   Merge Heap Roots: 0.1ms
[2025-07-18T15:07:00.448+0900][38.832s][info][gc,phases   ] GC(12)   Evacuate Collection Set: 4.6ms
[2025-07-18T15:07:00.448+0900][38.832s][info][gc,phases   ] GC(12)   Post Evacuate Collection Set: 0.5ms
[2025-07-18T15:07:00.448+0900][38.832s][info][gc,phases   ] GC(12)   Other: 0.1ms
[2025-07-18T15:07:00.448+0900][38.832s][info][gc,heap     ] GC(12) Eden regions: 1->0(151)
[2025-07-18T15:07:00.448+0900][38.832s][info][gc,heap     ] GC(12) Survivor regions: 14->14(29)
[2025-07-18T15:07:00.448+0900][38.832s][info][gc,heap     ] GC(12) Old regions: 0->0
[2025-07-18T15:07:00.448+0900][38.832s][info][gc,heap     ] GC(12) Archive regions: 2->2
[2025-07-18T15:07:00.448+0900][38.832s][info][gc,heap     ] GC(12) Humongous regions: 740->740
[2025-07-18T15:07:00.448+0900][38.832s][info][gc,metaspace] GC(12) Metaspace: 36299K(36864K)->36299K(36864K) NonClass: 31700K(32000K)->31700K(32000K) Class: 4599K(4864K)->4599K(4864K)
[2025-07-18T15:07:00.448+0900][38.832s][info][gc          ] GC(12) Pause Young (Concurrent Start) (G1 Humongous Allocation) 755M->754M(1024M) 5.529ms
[2025-07-18T15:07:00.448+0900][38.832s][info][gc,cpu      ] GC(12) User=0.03s Sys=0.01s Real=0.00s
[2025-07-18T15:07:00.448+0900][38.832s][info][gc          ] GC(13) Concurrent Mark Cycle
[2025-07-18T15:07:00.448+0900][38.832s][info][gc,marking  ] GC(13) Concurrent Clear Claimed Marks
[2025-07-18T15:07:00.448+0900][38.832s][info][gc,marking  ] GC(13) Concurrent Clear Claimed Marks 0.025ms
[2025-07-18T15:07:00.448+0900][38.832s][info][gc,marking  ] GC(13) Concurrent Scan Root Regions
[2025-07-18T15:07:00.452+0900][38.835s][info][gc,marking  ] GC(13) Concurrent Scan Root Regions 3.211ms
[2025-07-18T15:07:00.452+0900][38.835s][info][gc,marking  ] GC(13) Concurrent Mark
[2025-07-18T15:07:00.452+0900][38.835s][info][gc,marking  ] GC(13) Concurrent Mark From Roots
[2025-07-18T15:07:00.452+0900][38.835s][info][gc,task     ] GC(13) Using 2 workers of 2 for marking
[2025-07-18T15:07:00.453+0900][38.836s][info][gc,marking  ] GC(13) Concurrent Mark From Roots 1.068ms
[2025-07-18T15:07:00.453+0900][38.836s][info][gc,marking  ] GC(13) Concurrent Preclean
[2025-07-18T15:07:00.453+0900][38.836s][info][gc,marking  ] GC(13) Concurrent Preclean 0.014ms
[2025-07-18T15:07:00.454+0900][38.838s][info][gc,start    ] GC(13) Pause Remark
[2025-07-18T15:07:00.455+0900][38.839s][info][gc          ] GC(13) Pause Remark 814M->814M(1024M) 1.237ms
[2025-07-18T15:07:00.455+0900][38.839s][info][gc,cpu      ] GC(13) User=0.00s Sys=0.00s Real=0.00s
[2025-07-18T15:07:00.455+0900][38.839s][info][gc,marking  ] GC(13) Concurrent Mark 3.880ms
[2025-07-18T15:07:00.455+0900][38.839s][info][gc,marking  ] GC(13) Concurrent Rebuild Remembered Sets
[2025-07-18T15:07:00.455+0900][38.839s][info][gc,marking  ] GC(13) Concurrent Rebuild Remembered Sets 0.004ms
[2025-07-18T15:07:00.457+0900][38.841s][info][gc,start    ] GC(13) Pause Cleanup
[2025-07-18T15:07:00.457+0900][38.841s][info][gc          ] GC(13) Pause Cleanup 824M->824M(1024M) 0.023ms
[2025-07-18T15:07:00.457+0900][38.841s][info][gc,cpu      ] GC(13) User=0.00s Sys=0.00s Real=0.00s
[2025-07-18T15:07:00.457+0900][38.841s][info][gc,marking  ] GC(13) Concurrent Cleanup for Next Mark
[2025-07-18T15:07:00.458+0900][38.842s][info][gc,marking  ] GC(13) Concurrent Cleanup for Next Mark 0.537ms
[2025-07-18T15:07:00.458+0900][38.842s][info][gc          ] GC(13) Concurrent Mark Cycle 9.606ms
[2025-07-18T15:07:00.461+0900][38.844s][info][gc,start    ] GC(14) Pause Young (Concurrent Start) (G1 Humongous Allocation)
[2025-07-18T15:07:00.461+0900][38.844s][info][gc,task     ] GC(14) Using 9 workers of 9 for evacuation
[2025-07-18T15:07:00.466+0900][38.850s][info][gc,phases   ] GC(14)   Pre Evacuate Collection Set: 0.6ms
[2025-07-18T15:07:00.466+0900][38.850s][info][gc,phases   ] GC(14)   Merge Heap Roots: 0.1ms
[2025-07-18T15:07:00.466+0900][38.850s][info][gc,phases   ] GC(14)   Evacuate Collection Set: 4.7ms
[2025-07-18T15:07:00.467+0900][38.850s][info][gc,phases   ] GC(14)   Post Evacuate Collection Set: 0.4ms
[2025-07-18T15:07:00.467+0900][38.850s][info][gc,phases   ] GC(14)   Other: 0.1ms
[2025-07-18T15:07:00.467+0900][38.850s][info][gc,heap     ] GC(14) Eden regions: 0->0(74)
[2025-07-18T15:07:00.467+0900][38.850s][info][gc,heap     ] GC(14) Survivor regions: 14->11(21)
[2025-07-18T15:07:00.467+0900][38.850s][info][gc,heap     ] GC(14) Old regions: 0->3
[2025-07-18T15:07:00.467+0900][38.850s][info][gc,heap     ] GC(14) Archive regions: 2->2
[2025-07-18T15:07:00.467+0900][38.850s][info][gc,heap     ] GC(14) Humongous regions: 820->820
[2025-07-18T15:07:00.467+0900][38.850s][info][gc,metaspace] GC(14) Metaspace: 36299K(36864K)->36299K(36864K) NonClass: 31700K(32000K)->31700K(32000K) Class: 4599K(4864K)->4599K(4864K)
[2025-07-18T15:07:00.467+0900][38.850s][info][gc          ] GC(14) Pause Young (Concurrent Start) (G1 Humongous Allocation) 834M->834M(1024M) 5.877ms
[2025-07-18T15:07:00.467+0900][38.850s][info][gc,cpu      ] GC(14) User=0.03s Sys=0.01s Real=0.00s
[2025-07-18T15:07:00.467+0900][38.850s][info][gc          ] GC(15) Concurrent Mark Cycle
[2025-07-18T15:07:00.467+0900][38.850s][info][gc,marking  ] GC(15) Concurrent Clear Claimed Marks
[2025-07-18T15:07:00.467+0900][38.850s][info][gc,marking  ] GC(15) Concurrent Clear Claimed Marks 0.028ms
[2025-07-18T15:07:00.467+0900][38.850s][info][gc,marking  ] GC(15) Concurrent Scan Root Regions
[2025-07-18T15:07:00.470+0900][38.854s][info][gc,marking  ] GC(15) Concurrent Scan Root Regions 3.352ms
[2025-07-18T15:07:00.470+0900][38.854s][info][gc,marking  ] GC(15) Concurrent Mark
[2025-07-18T15:07:00.470+0900][38.854s][info][gc,marking  ] GC(15) Concurrent Mark From Roots
[2025-07-18T15:07:00.470+0900][38.854s][info][gc,task     ] GC(15) Using 2 workers of 2 for marking
[2025-07-18T15:07:00.471+0900][38.855s][info][gc,marking  ] GC(15) Concurrent Mark From Roots 0.867ms
[2025-07-18T15:07:00.471+0900][38.855s][info][gc,marking  ] GC(15) Concurrent Preclean
[2025-07-18T15:07:00.471+0900][38.855s][info][gc,marking  ] GC(15) Concurrent Preclean 0.015ms
[2025-07-18T15:07:00.473+0900][38.857s][info][gc,start    ] GC(15) Pause Remark
[2025-07-18T15:07:00.474+0900][38.858s][info][gc          ] GC(15) Pause Remark 884M->884M(1024M) 1.067ms
[2025-07-18T15:07:00.474+0900][38.858s][info][gc,cpu      ] GC(15) User=0.01s Sys=0.00s Real=0.00s
[2025-07-18T15:07:00.474+0900][38.858s][info][gc,marking  ] GC(15) Concurrent Mark 4.340ms
[2025-07-18T15:07:00.474+0900][38.858s][info][gc,marking  ] GC(15) Concurrent Rebuild Remembered Sets
[2025-07-18T15:07:00.477+0900][38.860s][info][gc,marking  ] GC(15) Concurrent Rebuild Remembered Sets 2.236ms
[2025-07-18T15:07:00.477+0900][38.861s][info][gc,start    ] GC(15) Pause Cleanup
[2025-07-18T15:07:00.477+0900][38.861s][info][gc          ] GC(15) Pause Cleanup 904M->904M(1024M) 0.138ms
[2025-07-18T15:07:00.477+0900][38.861s][info][gc,cpu      ] GC(15) User=0.00s Sys=0.00s Real=0.00s
[2025-07-18T15:07:00.477+0900][38.861s][info][gc,marking  ] GC(15) Concurrent Cleanup for Next Mark
[2025-07-18T15:07:00.478+0900][38.862s][info][gc,marking  ] GC(15) Concurrent Cleanup for Next Mark 0.531ms
[2025-07-18T15:07:00.478+0900][38.862s][info][gc          ] GC(15) Concurrent Mark Cycle 11.318ms
[2025-07-18T15:07:00.489+0900][38.873s][info][gc,start    ] GC(16) Pause Young (Concurrent Start) (G1 Humongous Allocation)
[2025-07-18T15:07:00.489+0900][38.873s][info][gc,task     ] GC(16) Using 9 workers of 9 for evacuation
[2025-07-18T15:07:00.493+0900][38.877s][info][gc,phases   ] GC(16)   Pre Evacuate Collection Set: 0.1ms
[2025-07-18T15:07:00.493+0900][38.877s][info][gc,phases   ] GC(16)   Merge Heap Roots: 0.1ms
[2025-07-18T15:07:00.493+0900][38.877s][info][gc,phases   ] GC(16)   Evacuate Collection Set: 3.4ms
[2025-07-18T15:07:00.493+0900][38.877s][info][gc,phases   ] GC(16)   Post Evacuate Collection Set: 0.2ms
[2025-07-18T15:07:00.493+0900][38.877s][info][gc,phases   ] GC(16)   Other: 0.1ms
[2025-07-18T15:07:00.493+0900][38.877s][info][gc,heap     ] GC(16) Eden regions: 0->0(49)
[2025-07-18T15:07:00.493+0900][38.877s][info][gc,heap     ] GC(16) Survivor regions: 11->2(11)
[2025-07-18T15:07:00.493+0900][38.877s][info][gc,heap     ] GC(16) Old regions: 3->13
[2025-07-18T15:07:00.493+0900][38.877s][info][gc,heap     ] GC(16) Archive regions: 2->2
[2025-07-18T15:07:00.493+0900][38.877s][info][gc,heap     ] GC(16) Humongous regions: 910->910
[2025-07-18T15:07:00.493+0900][38.877s][info][gc,metaspace] GC(16) Metaspace: 36299K(36864K)->36299K(36864K) NonClass: 31700K(32000K)->31700K(32000K) Class: 4599K(4864K)->4599K(4864K)
[2025-07-18T15:07:00.493+0900][38.877s][info][gc          ] GC(16) Pause Young (Concurrent Start) (G1 Humongous Allocation) 924M->925M(1024M) 4.020ms
[2025-07-18T15:07:00.493+0900][38.877s][info][gc,cpu      ] GC(16) User=0.02s Sys=0.00s Real=0.01s
[2025-07-18T15:07:00.493+0900][38.877s][info][gc          ] GC(17) Concurrent Mark Cycle
[2025-07-18T15:07:00.493+0900][38.877s][info][gc,marking  ] GC(17) Concurrent Clear Claimed Marks
[2025-07-18T15:07:00.493+0900][38.877s][info][gc,marking  ] GC(17) Concurrent Clear Claimed Marks 0.018ms
[2025-07-18T15:07:00.493+0900][38.877s][info][gc,marking  ] GC(17) Concurrent Scan Root Regions
[2025-07-18T15:07:00.497+0900][38.880s][info][gc,marking  ] GC(17) Concurrent Scan Root Regions 3.007ms
[2025-07-18T15:07:00.497+0900][38.880s][info][gc,marking  ] GC(17) Concurrent Mark
[2025-07-18T15:07:00.497+0900][38.880s][info][gc,marking  ] GC(17) Concurrent Mark From Roots
[2025-07-18T15:07:00.497+0900][38.880s][info][gc,task     ] GC(17) Using 2 workers of 2 for marking
[2025-07-18T15:07:00.499+0900][38.882s][info][gc,marking  ] GC(17) Concurrent Mark From Roots 2.004ms
[2025-07-18T15:07:00.499+0900][38.882s][info][gc,marking  ] GC(17) Concurrent Preclean
[2025-07-18T15:07:00.499+0900][38.882s][info][gc,marking  ] GC(17) Concurrent Preclean 0.033ms
[2025-07-18T15:07:00.507+0900][38.891s][info][gc,start    ] GC(17) Pause Remark
[2025-07-18T15:07:00.508+0900][38.892s][info][gc          ] GC(17) Pause Remark 945M->945M(1024M) 1.035ms
[2025-07-18T15:07:00.508+0900][38.892s][info][gc,cpu      ] GC(17) User=0.00s Sys=0.00s Real=0.00s
[2025-07-18T15:07:00.508+0900][38.892s][info][gc,marking  ] GC(17) Concurrent Mark 11.740ms
[2025-07-18T15:07:00.508+0900][38.892s][info][gc,marking  ] GC(17) Concurrent Rebuild Remembered Sets
[2025-07-18T15:07:00.513+0900][38.896s][info][gc,marking  ] GC(17) Concurrent Rebuild Remembered Sets 4.516ms
[2025-07-18T15:07:00.520+0900][38.904s][info][gc,start    ] GC(17) Pause Cleanup
[2025-07-18T15:07:00.520+0900][38.904s][info][gc          ] GC(17) Pause Cleanup 955M->955M(1024M) 0.098ms
[2025-07-18T15:07:00.520+0900][38.904s][info][gc,cpu      ] GC(17) User=0.00s Sys=0.00s Real=0.00s
[2025-07-18T15:07:00.520+0900][38.904s][info][gc,marking  ] GC(17) Concurrent Cleanup for Next Mark
[2025-07-18T15:07:00.521+0900][38.904s][info][gc,marking  ] GC(17) Concurrent Cleanup for Next Mark 0.538ms
[2025-07-18T15:07:00.521+0900][38.904s][info][gc          ] GC(17) Concurrent Mark Cycle 27.363ms
[2025-07-18T15:07:00.531+0900][38.915s][info][gc,start    ] GC(18) Pause Young (Concurrent Start) (G1 Humongous Allocation)
[2025-07-18T15:07:00.531+0900][38.915s][info][gc,task     ] GC(18) Using 9 workers of 9 for evacuation
[2025-07-18T15:07:00.532+0900][38.915s][info][gc,phases   ] GC(18)   Pre Evacuate Collection Set: 0.2ms
[2025-07-18T15:07:00.532+0900][38.915s][info][gc,phases   ] GC(18)   Merge Heap Roots: 0.0ms
[2025-07-18T15:07:00.532+0900][38.915s][info][gc,phases   ] GC(18)   Evacuate Collection Set: 0.4ms
[2025-07-18T15:07:00.532+0900][38.915s][info][gc,phases   ] GC(18)   Post Evacuate Collection Set: 0.2ms
[2025-07-18T15:07:00.532+0900][38.915s][info][gc,phases   ] GC(18)   Other: 0.1ms
[2025-07-18T15:07:00.532+0900][38.915s][info][gc,heap     ] GC(18) Eden regions: 0->0(50)
[2025-07-18T15:07:00.532+0900][38.915s][info][gc,heap     ] GC(18) Survivor regions: 2->1(7)
[2025-07-18T15:07:00.532+0900][38.915s][info][gc,heap     ] GC(18) Old regions: 13->13
[2025-07-18T15:07:00.532+0900][38.915s][info][gc,heap     ] GC(18) Archive regions: 2->2
[2025-07-18T15:07:00.532+0900][38.916s][info][gc,heap     ] GC(18) Humongous regions: 950->950
[2025-07-18T15:07:00.532+0900][38.916s][info][gc,metaspace] GC(18) Metaspace: 36299K(36864K)->36299K(36864K) NonClass: 31700K(32000K)->31700K(32000K) Class: 4599K(4864K)->4599K(4864K)
[2025-07-18T15:07:00.532+0900][38.916s][info][gc          ] GC(18) Pause Young (Concurrent Start) (G1 Humongous Allocation) 965M->964M(1024M) 0.999ms
[2025-07-18T15:07:00.532+0900][38.916s][info][gc,cpu      ] GC(18) User=0.01s Sys=0.00s Real=0.00s
[2025-07-18T15:07:00.532+0900][38.916s][info][gc          ] GC(19) Concurrent Mark Cycle
[2025-07-18T15:07:00.532+0900][38.916s][info][gc,marking  ] GC(19) Concurrent Clear Claimed Marks
[2025-07-18T15:07:00.532+0900][38.916s][info][gc,marking  ] GC(19) Concurrent Clear Claimed Marks 0.007ms
[2025-07-18T15:07:00.532+0900][38.916s][info][gc,marking  ] GC(19) Concurrent Scan Root Regions
[2025-07-18T15:07:00.532+0900][38.916s][info][gc,marking  ] GC(19) Concurrent Scan Root Regions 0.463ms
[2025-07-18T15:07:00.532+0900][38.916s][info][gc,marking  ] GC(19) Concurrent Mark
[2025-07-18T15:07:00.532+0900][38.916s][info][gc,marking  ] GC(19) Concurrent Mark From Roots
[2025-07-18T15:07:00.532+0900][38.916s][info][gc,task     ] GC(19) Using 2 workers of 2 for marking
[2025-07-18T15:07:00.540+0900][38.924s][info][gc,marking  ] GC(19) Concurrent Mark From Roots 7.530ms
[2025-07-18T15:07:00.540+0900][38.924s][info][gc,marking  ] GC(19) Concurrent Preclean
[2025-07-18T15:07:00.540+0900][38.924s][info][gc,marking  ] GC(19) Concurrent Preclean 0.040ms
[2025-07-18T15:07:00.544+0900][38.927s][info][gc,start    ] GC(19) Pause Remark
[2025-07-18T15:07:00.545+0900][38.928s][info][gc          ] GC(19) Pause Remark 994M->994M(1024M) 1.063ms
[2025-07-18T15:07:00.545+0900][38.928s][info][gc,cpu      ] GC(19) User=0.01s Sys=0.00s Real=0.00s
[2025-07-18T15:07:00.545+0900][38.928s][info][gc,marking  ] GC(19) Concurrent Mark 12.281ms
[2025-07-18T15:07:00.545+0900][38.928s][info][gc,marking  ] GC(19) Concurrent Rebuild Remembered Sets
[2025-07-18T15:07:00.546+0900][38.930s][info][gc,start    ] GC(20) Pause Young (Normal) (G1 Humongous Allocation)
[2025-07-18T15:07:00.546+0900][38.930s][info][gc,task     ] GC(20) Using 9 workers of 9 for evacuation
[2025-07-18T15:07:00.547+0900][38.930s][info][gc,phases   ] GC(20)   Pre Evacuate Collection Set: 0.1ms
[2025-07-18T15:07:00.547+0900][38.930s][info][gc,phases   ] GC(20)   Merge Heap Roots: 0.0ms
[2025-07-18T15:07:00.547+0900][38.930s][info][gc,phases   ] GC(20)   Evacuate Collection Set: 0.3ms
[2025-07-18T15:07:00.547+0900][38.930s][info][gc,phases   ] GC(20)   Post Evacuate Collection Set: 0.2ms
[2025-07-18T15:07:00.547+0900][38.930s][info][gc,phases   ] GC(20)   Other: 0.1ms
[2025-07-18T15:07:00.547+0900][38.930s][info][gc,heap     ] GC(20) Eden regions: 0->0(50)
[2025-07-18T15:07:00.547+0900][38.930s][info][gc,heap     ] GC(20) Survivor regions: 1->1(7)
[2025-07-18T15:07:00.547+0900][38.930s][info][gc,heap     ] GC(20) Old regions: 13->13
[2025-07-18T15:07:00.547+0900][38.930s][info][gc,heap     ] GC(20) Archive regions: 2->2
[2025-07-18T15:07:00.547+0900][38.930s][info][gc,heap     ] GC(20) Humongous regions: 1000->1000
[2025-07-18T15:07:00.547+0900][38.930s][info][gc,metaspace] GC(20) Metaspace: 36299K(36864K)->36299K(36864K) NonClass: 31700K(32000K)->31700K(32000K) Class: 4599K(4864K)->4599K(4864K)
[2025-07-18T15:07:00.547+0900][38.930s][info][gc          ] GC(20) Pause Young (Normal) (G1 Humongous Allocation) 1014M->1013M(1024M) 0.780ms
[2025-07-18T15:07:00.547+0900][38.930s][info][gc,cpu      ] GC(20) User=0.00s Sys=0.00s Real=0.00s
[2025-07-18T15:07:00.547+0900][38.930s][info][gc,ergo     ] Attempting full compaction
[2025-07-18T15:07:00.547+0900][38.930s][info][gc,start    ] GC(21) Pause Full (G1 Compaction Pause)
[2025-07-18T15:07:00.547+0900][38.930s][info][gc,task     ] GC(21) Using 9 workers of 9 for full compaction
[2025-07-18T15:07:00.547+0900][38.931s][info][gc,phases,start] GC(21) Phase 1: Mark live objects
[2025-07-18T15:07:00.561+0900][38.944s][info][gc,phases      ] GC(21) Phase 1: Mark live objects 13.619ms
[2025-07-18T15:07:00.561+0900][38.944s][info][gc,phases,start] GC(21) Phase 2: Prepare for compaction
[2025-07-18T15:07:00.570+0900][38.954s][info][gc,phases      ] GC(21) Phase 2: Prepare for compaction 9.662ms
[2025-07-18T15:07:00.570+0900][38.954s][info][gc,phases,start] GC(21) Phase 3: Adjust pointers
[2025-07-18T15:07:00.574+0900][38.957s][info][gc,phases      ] GC(21) Phase 3: Adjust pointers 3.300ms
[2025-07-18T15:07:00.574+0900][38.957s][info][gc,phases,start] GC(21) Phase 4: Compact heap
[2025-07-18T15:07:00.575+0900][38.958s][info][gc,phases      ] GC(21) Phase 4: Compact heap 0.815ms
[2025-07-18T15:07:00.576+0900][38.960s][info][gc,heap        ] GC(21) Eden regions: 0->0(51)
[2025-07-18T15:07:00.576+0900][38.960s][info][gc,heap        ] GC(21) Survivor regions: 1->0(7)
[2025-07-18T15:07:00.576+0900][38.960s][info][gc,heap        ] GC(21) Old regions: 13->14
[2025-07-18T15:07:00.576+0900][38.960s][info][gc,heap        ] GC(21) Archive regions: 2->2
[2025-07-18T15:07:00.576+0900][38.960s][info][gc,heap        ] GC(21) Humongous regions: 1000->1000
[2025-07-18T15:07:00.576+0900][38.960s][info][gc,metaspace   ] GC(21) Metaspace: 36299K(36864K)->36076K(36864K) NonClass: 31700K(32000K)->31529K(32000K) Class: 4599K(4864K)->4546K(4864K)
[2025-07-18T15:07:00.576+0900][38.960s][info][gc             ] GC(21) Pause Full (G1 Compaction Pause) 1013M->1011M(1024M) 29.810ms
[2025-07-18T15:07:00.577+0900][38.960s][info][gc,cpu         ] GC(21) User=0.05s Sys=0.05s Real=0.03s
[2025-07-18T15:07:00.577+0900][38.960s][info][gc,ergo        ] Attempting maximum full compaction clearing soft references
[2025-07-18T15:07:00.577+0900][38.960s][info][gc,start       ] GC(22) Pause Full (G1 Compaction Pause)
[2025-07-18T15:07:00.577+0900][38.960s][info][gc,task        ] GC(22) Using 9 workers of 9 for full compaction
[2025-07-18T15:07:00.577+0900][38.960s][info][gc,phases,start] GC(22) Phase 1: Mark live objects
[2025-07-18T15:07:00.584+0900][38.967s][info][gc,phases      ] GC(22) Phase 1: Mark live objects 7.084ms
[2025-07-18T15:07:00.584+0900][38.967s][info][gc,phases,start] GC(22) Phase 2: Prepare for compaction
[2025-07-18T15:07:00.585+0900][38.969s][info][gc,phases      ] GC(22) Phase 2: Prepare for compaction 1.171ms
[2025-07-18T15:07:00.585+0900][38.969s][info][gc,phases,start] GC(22) Phase 3: Adjust pointers
[2025-07-18T15:07:00.588+0900][38.972s][info][gc,phases      ] GC(22) Phase 3: Adjust pointers 3.050ms
[2025-07-18T15:07:00.588+0900][38.972s][info][gc,phases,start] GC(22) Phase 4: Compact heap
[2025-07-18T15:07:00.589+0900][38.973s][info][gc,phases      ] GC(22) Phase 4: Compact heap 0.927ms
[2025-07-18T15:07:00.591+0900][38.974s][info][gc,heap        ] GC(22) Eden regions: 0->0(51)
[2025-07-18T15:07:00.591+0900][38.974s][info][gc,heap        ] GC(22) Survivor regions: 0->0(7)
[2025-07-18T15:07:00.591+0900][38.974s][info][gc,heap        ] GC(22) Old regions: 14->13
[2025-07-18T15:07:00.591+0900][38.974s][info][gc,heap        ] GC(22) Archive regions: 2->2
[2025-07-18T15:07:00.591+0900][38.974s][info][gc,heap        ] GC(22) Humongous regions: 1000->1000
[2025-07-18T15:07:00.591+0900][38.974s][info][gc,metaspace   ] GC(22) Metaspace: 36076K(36864K)->36062K(36864K) NonClass: 31529K(32000K)->31519K(32000K) Class: 4546K(4864K)->4543K(4864K)
[2025-07-18T15:07:00.591+0900][38.974s][info][gc             ] GC(22) Pause Full (G1 Compaction Pause) 1011M->1011M(1024M) 14.153ms
[2025-07-18T15:07:00.591+0900][38.974s][info][gc,cpu         ] GC(22) User=0.05s Sys=0.01s Real=0.02s
[2025-07-18T15:07:00.591+0900][38.974s][info][gc,marking     ] GC(19) Concurrent Rebuild Remembered Sets 46.056ms
[2025-07-18T15:07:00.591+0900][38.974s][info][gc,marking     ] GC(19) Concurrent Mark Abort
[2025-07-18T15:07:00.591+0900][38.974s][info][gc             ] GC(19) Concurrent Mark Cycle 58.899ms
